{"version": "1.1.0",
 "packagesDir": ".lake/packages",
 "packages":
 [{"type": "path",
   "scope": "",
   "name": "foo",
   "manifestFile": "lake-manifest.json",
   "inherited": false,
   "dir": "../foo",
   "configFile": "lakefile.theorem_ai"},
  {"type": "path",
   "scope": "",
   "name": "b",
   "manifestFile": "lake-manifest.json",
   "inherited": true,
   "dir": "../foo/../b",
   "configFile": "lakefile.theorem_ai"},
  {"type": "path",
   "scope": "",
   "name": "a",
   "manifestFile": "lake-manifest.json",
   "inherited": true,
   "dir": "../foo/../a",
   "configFile": "lakefile.theorem_ai"},
  {"type": "path",
   "scope": "",
   "name": "root",
   "manifestFile": "lake-manifest.json",
   "inherited": true,
   "dir": "../foo/../b/../root",
   "configFile": "lakefile.theorem_ai"}],
 "name": "bar",
 "lakeDir": ".lake"}
